[STAGE] pe=2 initialized
[STAGE] pe=2 prepared iteration=0
[STAGE] pe=2 launch iteration=0
[STAGE] pe=2 kernel_status=0 iteration=0
{"test":"pull_combine_v2_npu_e2e","iteration":0,"warmup":true,"workers":2,"workload":"sym_k2_balanced","hidden":8192,"rows":4096,"ingress_bytes":268435456,"egress_bytes":134217728,"e2e_us":7303.044,"logical_gb_s":55.1349798796,"status":0,"cycle_kernel_start":1028452069567755,"cycle_plan_index_done":1028452069585511,"cycle_kernel_done":1028452069920544,"correct":true}
[STAGE] pe=2 prepared iteration=1
[STAGE] pe=2 launch iteration=1
[STAGE] pe=2 kernel_status=0 iteration=1
{"test":"pull_combine_v2_npu_e2e","iteration":1,"warmup":true,"workers":2,"workload":"sym_k2_balanced","hidden":8192,"rows":4096,"ingress_bytes":268435456,"egress_bytes":134217728,"e2e_us":7129.83,"logical_gb_s":56.4744438507,"status":0,"cycle_kernel_start":1028452088757849,"cycle_plan_index_done":1028452088775085,"cycle_kernel_done":1028452089110046,"correct":true}
[STAGE] pe=2 prepared iteration=2
[STAGE] pe=2 launch iteration=2
[STAGE] pe=2 kernel_status=0 iteration=2
{"test":"pull_combine_v2_npu_e2e","iteration":2,"warmup":true,"workers":2,"workload":"sym_k2_balanced","hidden":8192,"rows":4096,"ingress_bytes":268435456,"egress_bytes":134217728,"e2e_us":7100.365,"logical_gb_s":56.7088007448,"status":0,"cycle_kernel_start":1028452108086518,"cycle_plan_index_done":1028452108103736,"cycle_kernel_done":1028452108438412,"correct":true}
[STAGE] pe=2 prepared iteration=3
[STAGE] pe=2 launch iteration=3
[STAGE] pe=2 kernel_status=0 iteration=3
{"test":"pull_combine_v2_npu_e2e","iteration":3,"warmup":false,"workers":2,"workload":"sym_k2_balanced","hidden":8192,"rows":4096,"ingress_bytes":268435456,"egress_bytes":134217728,"e2e_us":7097.55,"logical_gb_s":56.7312923474,"status":0,"cycle_kernel_start":1028452127384099,"cycle_plan_index_done":1028452127401300,"cycle_kernel_done":1028452127736063,"correct":true}
[STAGE] pe=2 prepared iteration=4
[STAGE] pe=2 launch iteration=4
[STAGE] pe=2 kernel_status=0 iteration=4
{"test":"pull_combine_v2_npu_e2e","iteration":4,"warmup":false,"workers":2,"workload":"sym_k2_balanced","hidden":8192,"rows":4096,"ingress_bytes":268435456,"egress_bytes":134217728,"e2e_us":7108.888,"logical_gb_s":56.6408113336,"status":0,"cycle_kernel_start":1028452146628648,"cycle_plan_index_done":1028452146646061,"cycle_kernel_done":1028452146980623,"correct":true}
[STAGE] pe=2 prepared iteration=5
[STAGE] pe=2 launch iteration=5
[STAGE] pe=2 kernel_status=0 iteration=5
{"test":"pull_combine_v2_npu_e2e","iteration":5,"warmup":false,"workers":2,"workload":"sym_k2_balanced","hidden":8192,"rows":4096,"ingress_bytes":268435456,"egress_bytes":134217728,"e2e_us":7108.295,"logical_gb_s":56.6455365175,"status":0,"cycle_kernel_start":1028452165864742,"cycle_plan_index_done":1028452165882062,"cycle_kernel_done":1028452166216794,"correct":true}
[STAGE] pe=2 prepared iteration=6
[STAGE] pe=2 launch iteration=6
[STAGE] pe=2 kernel_status=0 iteration=6
{"test":"pull_combine_v2_npu_e2e","iteration":6,"warmup":false,"workers":2,"workload":"sym_k2_balanced","hidden":8192,"rows":4096,"ingress_bytes":268435456,"egress_bytes":134217728,"e2e_us":7090.855,"logical_gb_s":56.7848565511,"status":0,"cycle_kernel_start":1028452185089679,"cycle_plan_index_done":1028452185106885,"cycle_kernel_done":1028452185441522,"correct":true}
[STAGE] pe=2 prepared iteration=7
[STAGE] pe=2 launch iteration=7
[STAGE] pe=2 kernel_status=0 iteration=7
{"test":"pull_combine_v2_npu_e2e","iteration":7,"warmup":false,"workers":2,"workload":"sym_k2_balanced","hidden":8192,"rows":4096,"ingress_bytes":268435456,"egress_bytes":134217728,"e2e_us":7092.827,"logical_gb_s":56.7690688071,"status":0,"cycle_kernel_start":1028452204288108,"cycle_plan_index_done":1028452204305487,"cycle_kernel_done":1028452204640257,"correct":true}
[STAGE] pe=2 prepared iteration=8
[STAGE] pe=2 launch iteration=8
[STAGE] pe=2 kernel_status=0 iteration=8
{"test":"pull_combine_v2_npu_e2e","iteration":8,"warmup":false,"workers":2,"workload":"sym_k2_balanced","hidden":8192,"rows":4096,"ingress_bytes":268435456,"egress_bytes":134217728,"e2e_us":7088.392,"logical_gb_s":56.8045875567,"status":0,"cycle_kernel_start":1028452223472459,"cycle_plan_index_done":1028452223489667,"cycle_kernel_done":1028452223824340,"correct":true}
[STAGE] pe=2 prepared iteration=9
[STAGE] pe=2 launch iteration=9
[STAGE] pe=2 kernel_status=0 iteration=9
{"test":"pull_combine_v2_npu_e2e","iteration":9,"warmup":false,"workers":2,"workload":"sym_k2_balanced","hidden":8192,"rows":4096,"ingress_bytes":268435456,"egress_bytes":134217728,"e2e_us":7086.46,"logical_gb_s":56.820074339,"status":0,"cycle_kernel_start":1028452242683374,"cycle_plan_index_done":1028452242700788,"cycle_kernel_done":1028452243035319,"correct":true}
[STAGE] pe=2 prepared iteration=10
[STAGE] pe=2 launch iteration=10
[STAGE] pe=2 kernel_status=0 iteration=10
{"test":"pull_combine_v2_npu_e2e","iteration":10,"warmup":false,"workers":2,"workload":"sym_k2_balanced","hidden":8192,"rows":4096,"ingress_bytes":268435456,"egress_bytes":134217728,"e2e_us":7095.935,"logical_gb_s":56.7442041112,"status":0,"cycle_kernel_start":1028452261941252,"cycle_plan_index_done":1028452261958565,"cycle_kernel_done":1028452262293176,"correct":true}
[STAGE] pe=2 prepared iteration=11
[STAGE] pe=2 launch iteration=11
[STAGE] pe=2 kernel_status=0 iteration=11
{"test":"pull_combine_v2_npu_e2e","iteration":11,"warmup":false,"workers":2,"workload":"sym_k2_balanced","hidden":8192,"rows":4096,"ingress_bytes":268435456,"egress_bytes":134217728,"e2e_us":7088.919,"logical_gb_s":56.8003646254,"status":0,"cycle_kernel_start":1028452281111002,"cycle_plan_index_done":1028452281128225,"cycle_kernel_done":1028452281462903,"correct":true}
[STAGE] pe=2 prepared iteration=12
[STAGE] pe=2 launch iteration=12
[STAGE] pe=2 kernel_status=0 iteration=12
{"test":"pull_combine_v2_npu_e2e","iteration":12,"warmup":false,"workers":2,"workload":"sym_k2_balanced","hidden":8192,"rows":4096,"ingress_bytes":268435456,"egress_bytes":134217728,"e2e_us":7093.796,"logical_gb_s":56.7613142526,"status":0,"cycle_kernel_start":1028452300269270,"cycle_plan_index_done":1028452300286425,"cycle_kernel_done":1028452300621086,"correct":true}
{"test":"pull_combine_v2_npu_e2e_summary","workers":2,"workload":"sym_k2_balanced","hidden":8192,"rows":4096,"measure":10,"mean_us":7095.1917,"min_logical_gb_s":56.6408113336,"mean_logical_gb_s":56.7502110442,"cv_pct":0.104769623943,"correct":true}
